exports[`test Schema snapshot 1`] = `
"schema {
  query: query
  mutation: mutation
}

type family implements node {
  id: String!
  adults: [person!]!
  children: [person!]!
}

input familyInput {
  adults: [pointer!]!
  children: [pointer!]!
}

input familyMutation {
  clientMutationId: String
  family: familyInput!
}

type familyPayload {
  clientMutationId: String!
  family: family!
}

type mutation {
  insertPerson(input: personMutation!): personPayload!
  insertFamily(input: familyMutation!): familyPayload!
}

interface node {
  id: String!
}

type person implements node {
  id: String!
  name: String!
}

input personInput {
  name: String!
}

input personMutation {
  clientMutationId: String
  person: personInput!
}

type personPayload {
  clientMutationId: String!
  person: person!
}

input pointer {
  id: String!
}

type query {
  node(id: String!): node!
  viewer: viewer!
}

type viewer {
  personAll: [person!]!
  familyAll: [family!]!
}
"
`;
